root@ec25add1092f:/workspace/MotionVectorization# python3 -c "import drawSvg as draw; print('✅ drawSvg works')"
Traceback (most recent call last):
  File "<string>", line 1, in <module>
ModuleNotFoundError: No module named 'drawSvg'
root@ec25add1092f:/workspace/MotionVectorization# pip3 install --force-reinstall drawSvg
Collecting drawSvg
  Using cached drawsvg-2.4.0-py3-none-any.whl.metadata (19 kB)
Using cached drawsvg-2.4.0-py3-none-any.whl (44 kB)
Installing collected packages: drawSvg
  Attempting uninstall: drawSvg
    Found existing installation: drawsvg 2.4.0
    Uninstalling drawsvg-2.4.0:
      Successfully uninstalled drawsvg-2.4.0
Successfully installed drawSvg-2.4.0
WARNING: Running pip as the 'root' user can result in broken permissions and conflicting behaviour with the system package manager, possibly rendering your system unusable. It is recommended to use a virtual environment instead: https://pip.pypa.io/warnings/venv. Use the --root-user-action option if you know what you are doing and want to suppress this warning.
root@ec25add1092f:/workspace/MotionVectorization# python3 -c "import drawSvg as draw; print('✅ drawSvg works')"
Traceback (most recent call last):
  File "<string>", line 1, in <module>
ModuleNotFoundError: No module named 'drawSvg'
root@ec25add1092f:/workspace/MotionVectorization# pip install --user drawSvg
Requirement already satisfied: drawSvg in /usr/local/lib/python3.11/dist-packages (2.4.0)
WARNING: Running pip as the 'root' user can result in broken permissions and conflicting behaviour with the system package manager, possibly rendering your system unusable. It is recommended to use a virtual environment instead: https://pip.pypa.io/warnings/venv. Use the --root-user-action option if you know what you are doing and want to suppress this warning.
root@ec25add1092f:/workspace/MotionVectorization# python3 svg_utils/create_svg_dense.py
Traceback (most recent call last):
  File "/workspace/MotionVectorization/svg_utils/create_svg_dense.py", line 3, in <module>
    import drawSvg as draw
ModuleNotFoundError: No module named 'drawSvg'
root@ec25add1092f:/workspace/MotionVectorization# 