root@62a2ca26d9ae:/# cd /workspace
root@62a2ca26d9ae:/workspace# apt update && apt install -y unzip xvfb
Get:1 https://developer.download.nvidia.com/compute/cuda/repos/ubuntu2204/x86_64  InRelease [1581 B]
Get:2 http://archive.ubuntu.com/ubuntu jammy InRelease [270 kB]
Get:3 http://security.ubuntu.com/ubuntu jammy-security InRelease [129 kB]
Get:4 https://developer.download.nvidia.com/compute/cuda/repos/ubuntu2204/x86_64  Packages [2006 kB]
Get:5 https://ppa.launchpadcontent.net/deadsnakes/ppa/ubuntu jammy InRelease [18.1 kB]
Get:6 http://archive.ubuntu.com/ubuntu jammy-updates InRelease [128 kB]
Get:7 http://archive.ubuntu.com/ubuntu jammy-backports InRelease [127 kB]
Get:8 http://security.ubuntu.com/ubuntu jammy-security/restricted amd64 Packages [5374 kB]
Get:9 https://ppa.launchpadcontent.net/deadsnakes/ppa/ubuntu jammy/main amd64 Packages [33.2 kB]
Get:10 http://archive.ubuntu.com/ubuntu jammy/restricted amd64 Packages [164 kB]
Get:11 http://security.ubuntu.com/ubuntu jammy-security/universe amd64 Packages [1273 kB]
Get:12 http://security.ubuntu.com/ubuntu jammy-security/multiverse amd64 Packages [48.5 kB]
Get:13 http://security.ubuntu.com/ubuntu jammy-security/main amd64 Packages [3310 kB]
Get:14 http://archive.ubuntu.com/ubuntu jammy/main amd64 Packages [1792 kB]
Get:15 http://archive.ubuntu.com/ubuntu jammy/multiverse amd64 Packages [266 kB]
Get:16 http://archive.ubuntu.com/ubuntu jammy/universe amd64 Packages [17.5 MB]
Get:17 http://archive.ubuntu.com/ubuntu jammy-updates/restricted amd64 Packages [5560 kB]
Get:18 http://archive.ubuntu.com/ubuntu jammy-updates/main amd64 Packages [3623 kB]
Get:19 http://archive.ubuntu.com/ubuntu jammy-updates/multiverse amd64 Packages [75.9 kB]
Get:20 http://archive.ubuntu.com/ubuntu jammy-updates/universe amd64 Packages [1581 kB]
Get:21 http://archive.ubuntu.com/ubuntu jammy-backports/universe amd64 Packages [35.2 kB]
Get:22 http://archive.ubuntu.com/ubuntu jammy-backports/main amd64 Packages [83.2 kB]
Fetched 43.4 MB in 5s (8226 kB/s)
Reading package lists... Done
Building dependency tree... Done
Reading state information... Done
110 packages can be upgraded. Run 'apt list --upgradable' to see them.
Reading package lists... Done
Building dependency tree... Done
Reading state information... Done
The following additional packages will be installed:
  libfontenc1 libice6 libpixman-1-0 libsm6 libxaw7 libxfont2 libxkbfile1 libxmu6 libxmuu1 libxt6 x11-common x11-xkb-utils xauth xfonts-base xfonts-encodings xfonts-utils xkb-data xserver-common
Suggested packages:
  zip
The following NEW packages will be installed:
  libfontenc1 libice6 libpixman-1-0 libsm6 libxaw7 libxfont2 libxkbfile1 libxmu6 libxmuu1 libxt6 unzip x11-common x11-xkb-utils xauth xfonts-base xfonts-encodings xfonts-utils xkb-data xserver-common xvfb
0 upgraded, 20 newly installed, 0 to remove and 110 not upgraded.
Need to get 9188 kB of archives.
After this operation, 19.1 MB of additional disk space will be used.
Get:1 http://archive.ubuntu.com/ubuntu jammy/main amd64 xkb-data all 2.33-1 [394 kB]
Get:2 http://archive.ubuntu.com/ubuntu jammy/main amd64 libxmuu1 amd64 2:1.1.3-3 [10.2 kB]
Get:3 http://archive.ubuntu.com/ubuntu jammy/main amd64 xauth amd64 1:1.1-1build2 [27.5 kB]
Get:4 http://archive.ubuntu.com/ubuntu jammy/main amd64 libfontenc1 amd64 1:1.1.4-1build3 [14.7 kB]
Get:5 http://archive.ubuntu.com/ubuntu jammy/main amd64 x11-common all 1:7.7+23ubuntu2 [23.4 kB]
Get:6 http://archive.ubuntu.com/ubuntu jammy/main amd64 libice6 amd64 2:1.0.10-1build2 [42.6 kB]
Get:7 http://archive.ubuntu.com/ubuntu jammy-updates/main amd64 libpixman-1-0 amd64 0.40.0-1ubuntu0.22.04.1 [264 kB]
Get:8 http://archive.ubuntu.com/ubuntu jammy/main amd64 libsm6 amd64 2:1.2.3-1build2 [16.7 kB]
Get:9 http://archive.ubuntu.com/ubuntu jammy/main amd64 libxt6 amd64 1:1.2.1-1 [177 kB]
Get:10 http://archive.ubuntu.com/ubuntu jammy/main amd64 libxmu6 amd64 2:1.1.3-3 [49.6 kB]
Get:11 http://archive.ubuntu.com/ubuntu jammy/main amd64 libxaw7 amd64 2:1.0.14-1 [191 kB]
Get:12 http://archive.ubuntu.com/ubuntu jammy/main amd64 libxfont2 amd64 1:2.0.5-1build1 [94.5 kB]
Get:13 http://archive.ubuntu.com/ubuntu jammy/main amd64 libxkbfile1 amd64 1:1.1.0-1build3 [71.8 kB]
Get:14 http://archive.ubuntu.com/ubuntu jammy-updates/main amd64 unzip amd64 6.0-26ubuntu3.2 [175 kB]
Get:15 http://archive.ubuntu.com/ubuntu jammy/main amd64 x11-xkb-utils amd64 7.7+5build4 [172 kB]
Get:16 http://archive.ubuntu.com/ubuntu jammy/main amd64 xfonts-encodings all 1:1.0.5-0ubuntu2 [578 kB]
Get:17 http://archive.ubuntu.com/ubuntu jammy/main amd64 xfonts-utils amd64 1:7.7+6build2 [94.6 kB]
Get:18 http://archive.ubuntu.com/ubuntu jammy/main amd64 xfonts-base all 1:1.0.5 [5896 kB]
Get:19 http://archive.ubuntu.com/ubuntu jammy-updates/main amd64 xserver-common all 2:21.1.4-2ubuntu1.7~22.04.15 [29.5 kB]
Get:20 http://archive.ubuntu.com/ubuntu jammy-updates/universe amd64 xvfb amd64 2:21.1.4-2ubuntu1.7~22.04.15 [866 kB]
Fetched 9188 kB in 1s (14.3 MB/s)
debconf: delaying package configuration, since apt-utils is not installed
Selecting previously unselected package xkb-data.
(Reading database ... 24286 files and directories currently installed.)
Preparing to unpack .../00-xkb-data_2.33-1_all.deb ...
Unpacking xkb-data (2.33-1) ...
Selecting previously unselected package libxmuu1:amd64.
Preparing to unpack .../01-libxmuu1_2%3a1.1.3-3_amd64.deb ...
Unpacking libxmuu1:amd64 (2:1.1.3-3) ...
Selecting previously unselected package xauth.
Preparing to unpack .../02-xauth_1%3a1.1-1build2_amd64.deb ...
Unpacking xauth (1:1.1-1build2) ...
Selecting previously unselected package libfontenc1:amd64.
Preparing to unpack .../03-libfontenc1_1%3a1.1.4-1build3_amd64.deb ...
Unpacking libfontenc1:amd64 (1:1.1.4-1build3) ...
Selecting previously unselected package x11-common.
Preparing to unpack .../04-x11-common_1%3a7.7+23ubuntu2_all.deb ...
Unpacking x11-common (1:7.7+23ubuntu2) ...
Selecting previously unselected package libice6:amd64.
Preparing to unpack .../05-libice6_2%3a1.0.10-1build2_amd64.deb ...
Unpacking libice6:amd64 (2:1.0.10-1build2) ...
Selecting previously unselected package libpixman-1-0:amd64.
Preparing to unpack .../06-libpixman-1-0_0.40.0-1ubuntu0.22.04.1_amd64.deb ...
Unpacking libpixman-1-0:amd64 (0.40.0-1ubuntu0.22.04.1) ...
Selecting previously unselected package libsm6:amd64.
Preparing to unpack .../07-libsm6_2%3a1.2.3-1build2_amd64.deb ...
Unpacking libsm6:amd64 (2:1.2.3-1build2) ...
Selecting previously unselected package libxt6:amd64.
Preparing to unpack .../08-libxt6_1%3a1.2.1-1_amd64.deb ...
Unpacking libxt6:amd64 (1:1.2.1-1) ...
Selecting previously unselected package libxmu6:amd64.
Preparing to unpack .../09-libxmu6_2%3a1.1.3-3_amd64.deb ...
Unpacking libxmu6:amd64 (2:1.1.3-3) ...
Selecting previously unselected package libxaw7:amd64.
Preparing to unpack .../10-libxaw7_2%3a1.0.14-1_amd64.deb ...
Unpacking libxaw7:amd64 (2:1.0.14-1) ...
Selecting previously unselected package libxfont2:amd64.
Preparing to unpack .../11-libxfont2_1%3a2.0.5-1build1_amd64.deb ...
Unpacking libxfont2:amd64 (1:2.0.5-1build1) ...
Selecting previously unselected package libxkbfile1:amd64.
Preparing to unpack .../12-libxkbfile1_1%3a1.1.0-1build3_amd64.deb ...
Unpacking libxkbfile1:amd64 (1:1.1.0-1build3) ...
Selecting previously unselected package unzip.
Preparing to unpack .../13-unzip_6.0-26ubuntu3.2_amd64.deb ...
Unpacking unzip (6.0-26ubuntu3.2) ...
Selecting previously unselected package x11-xkb-utils.
Preparing to unpack .../14-x11-xkb-utils_7.7+5build4_amd64.deb ...
Unpacking x11-xkb-utils (7.7+5build4) ...
Selecting previously unselected package xfonts-encodings.
Preparing to unpack .../15-xfonts-encodings_1%3a1.0.5-0ubuntu2_all.deb ...
Unpacking xfonts-encodings (1:1.0.5-0ubuntu2) ...
Selecting previously unselected package xfonts-utils.
Preparing to unpack .../16-xfonts-utils_1%3a7.7+6build2_amd64.deb ...
Unpacking xfonts-utils (1:7.7+6build2) ...
Selecting previously unselected package xfonts-base.
Preparing to unpack .../17-xfonts-base_1%3a1.0.5_all.deb ...
Unpacking xfonts-base (1:1.0.5) ...
Selecting previously unselected package xserver-common.
Preparing to unpack .../18-xserver-common_2%3a21.1.4-2ubuntu1.7~22.04.15_all.deb ...
Unpacking xserver-common (2:21.1.4-2ubuntu1.7~22.04.15) ...
Selecting previously unselected package xvfb.
Preparing to unpack .../19-xvfb_2%3a21.1.4-2ubuntu1.7~22.04.15_amd64.deb ...
Unpacking xvfb (2:21.1.4-2ubuntu1.7~22.04.15) ...
Setting up libpixman-1-0:amd64 (0.40.0-1ubuntu0.22.04.1) ...
Setting up unzip (6.0-26ubuntu3.2) ...
Setting up x11-common (1:7.7+23ubuntu2) ...
invoke-rc.d: could not determine current runlevel
invoke-rc.d: policy-rc.d denied execution of start.
Setting up xkb-data (2.33-1) ...
Setting up libfontenc1:amd64 (1:1.1.4-1build3) ...
Setting up xfonts-encodings (1:1.0.5-0ubuntu2) ...
Setting up libxkbfile1:amd64 (1:1.1.0-1build3) ...
Setting up libxfont2:amd64 (1:2.0.5-1build1) ...
Setting up libxmuu1:amd64 (2:1.1.3-3) ...
Setting up libice6:amd64 (2:1.0.10-1build2) ...
Setting up xfonts-utils (1:7.7+6build2) ...
Setting up xfonts-base (1:1.0.5) ...
Setting up xauth (1:1.1-1build2) ...
Setting up libsm6:amd64 (2:1.2.3-1build2) ...
Setting up libxt6:amd64 (1:1.2.1-1) ...
Setting up libxmu6:amd64 (2:1.1.3-3) ...
Setting up libxaw7:amd64 (2:1.0.14-1) ...
Setting up x11-xkb-utils (7.7+5build4) ...
Setting up xserver-common (2:21.1.4-2ubuntu1.7~22.04.15) ...
Setting up xvfb (2:21.1.4-2ubuntu1.7~22.04.15) ...
Processing triggers for mailcap (3.70+nmu1ubuntu1) ...
Processing triggers for libc-bin (2.35-0ubuntu3.9) ...
root@62a2ca26d9ae:/workspace# git clone https://github.com/princeton-vl/RAFT.git
fatal: destination path 'RAFT' already exists and is not an empty directory.
root@62a2ca26d9ae:/workspace# cd RAFT
root@62a2ca26d9ae:/workspace/RAFT# pip install scipy opencv-python numpy matplotlib
Collecting scipy
  Downloading scipy-1.16.1-cp311-cp311-manylinux2014_x86_64.manylinux_2_17_x86_64.whl.metadata (61 kB)
Collecting opencv-python
  Downloading opencv_python-4.12.0.88-cp37-abi3-manylinux2014_x86_64.manylinux_2_17_x86_64.whl.metadata (19 kB)
Requirement already satisfied: numpy in /usr/local/lib/python3.11/dist-packages (2.1.2)
Collecting matplotlib
  Downloading matplotlib-3.10.6-cp311-cp311-manylinux2014_x86_64.manylinux_2_17_x86_64.whl.metadata (11 kB)
Collecting contourpy>=1.0.1 (from matplotlib)
  Downloading contourpy-1.3.3-cp311-cp311-manylinux_2_27_x86_64.manylinux_2_28_x86_64.whl.metadata (5.5 kB)
Collecting cycler>=0.10 (from matplotlib)
  Downloading cycler-0.12.1-py3-none-any.whl.metadata (3.8 kB)
Collecting fonttools>=4.22.0 (from matplotlib)
  Downloading fonttools-4.59.2-cp311-cp311-manylinux2014_x86_64.manylinux_2_17_x86_64.whl.metadata (109 kB)
Collecting kiwisolver>=1.3.1 (from matplotlib)
  Downloading kiwisolver-1.4.9-cp311-cp311-manylinux2014_x86_64.manylinux_2_17_x86_64.whl.metadata (6.3 kB)
Requirement already satisfied: packaging>=20.0 in /usr/local/lib/python3.11/dist-packages (from matplotlib) (24.2)
Requirement already satisfied: pillow>=8 in /usr/local/lib/python3.11/dist-packages (from matplotlib) (11.0.0)
Requirement already satisfied: pyparsing>=2.3.1 in /usr/lib/python3/dist-packages (from matplotlib) (2.4.7)
Requirement already satisfied: python-dateutil>=2.7 in /usr/local/lib/python3.11/dist-packages (from matplotlib) (2.9.0.post0)
Requirement already satisfied: six>=1.5 in /usr/lib/python3/dist-packages (from python-dateutil>=2.7->matplotlib) (1.16.0)
Downloading scipy-1.16.1-cp311-cp311-manylinux2014_x86_64.manylinux_2_17_x86_64.whl (35.4 MB)
   ━━━━━━━━━━━━━━━━━━━━━━━━━━━━━━━━━━━━━━━━ 35.4/35.4 MB 1.6 MB/s eta 0:00:00
Downloading opencv_python-4.12.0.88-cp37-abi3-manylinux2014_x86_64.manylinux_2_17_x86_64.whl (67.0 MB)
   ━━━━━━━━━━━━━━━━━━━━━━━━━━━━━━━━━━━━━━━━ 67.0/67.0 MB 1.6 MB/s eta 0:00:00
Downloading matplotlib-3.10.6-cp311-cp311-manylinux2014_x86_64.manylinux_2_17_x86_64.whl (8.7 MB)
   ━━━━━━━━━━━━━━━━━━━━━━━━━━━━━━━━━━━━━━━━ 8.7/8.7 MB 49.9 MB/s eta 0:00:00
Downloading contourpy-1.3.3-cp311-cp311-manylinux_2_27_x86_64.manylinux_2_28_x86_64.whl (355 kB)
Downloading cycler-0.12.1-py3-none-any.whl (8.3 kB)
Downloading fonttools-4.59.2-cp311-cp311-manylinux2014_x86_64.manylinux_2_17_x86_64.whl (5.0 MB)
   ━━━━━━━━━━━━━━━━━━━━━━━━━━━━━━━━━━━━━━━━ 5.0/5.0 MB 72.5 MB/s eta 0:00:00
Downloading kiwisolver-1.4.9-cp311-cp311-manylinux2014_x86_64.manylinux_2_17_x86_64.whl (1.4 MB)
   ━━━━━━━━━━━━━━━━━━━━━━━━━━━━━━━━━━━━━━━━ 1.4/1.4 MB 74.4 MB/s eta 0:00:00
Installing collected packages: scipy, opencv-python, kiwisolver, fonttools, cycler, contourpy, matplotlib
Successfully installed contourpy-1.3.3 cycler-0.12.1 fonttools-4.59.2 kiwisolver-1.4.9 matplotlib-3.10.6 opencv-python-4.12.0.88 scipy-1.16.1
WARNING: Running pip as the 'root' user can result in broken permissions and conflicting behaviour with the system package manager, possibly rendering your system unusable. It is recommended to use a virtual environment instead: https://pip.pypa.io/warnings/venv. Use the --root-user-action option if you know what you are doing and want to suppress this warning.

[notice] A new release of pip is available: 25.0.1 -> 25.2
[notice] To update, run: python -m pip install --upgrade pip
root@62a2ca26d9ae:/workspace/RAFT# chmod +x download_models.sh
root@62a2ca26d9ae:/workspace/RAFT# ./download_models.sh
--2025-09-09 18:29:06--  https://dl.dropboxusercontent.com/s/4j4z58wuv8o0mfz/models.zip
Resolving dl.dropboxusercontent.com (dl.dropboxusercontent.com)... 162.125.8.15, 2620:100:6018:15::a27d:30f
Connecting to dl.dropboxusercontent.com (dl.dropboxusercontent.com)|162.125.8.15|:443... connected.
HTTP request sent, awaiting response... 200 OK
Length: 81977417 (78M) [application/zip]
Saving to: 'models.zip.1'

models.zip.1                                          100%[=========================================================================================================================>]  78.18M  12.0MB/s    in 19s

2025-09-09 18:29:27 (4.09 MB/s) - 'models.zip.1' saved [81977417/81977417]

Archive:  models.zip
replace models/raft-kitti.pth? [y]es, [n]o, [A]ll, [N]one, [r]ename: n
replace models/raft-sintel.pth? [y]es, [n]o, [A]ll, [N]one, [r]ename: n
replace models/raft-chairs.pth? [y]es, [n]o, [A]ll, [N]one, [r]ename: n
replace models/raft-things.pth? [y]es, [n]o, [A]ll, [N]one, [r]ename: n
replace models/raft-small.pth? [y]es, [n]o, [A]ll, [N]one, [r]ename: n
root@62a2ca26d9ae:/workspace/RAFT# export DISPLAY=:99
root@62a2ca26d9ae:/workspace/RAFT# Xvfb :99 -screen 0 1024x768x24 > /dev/null 2>&1 &
[1] 1116
root@62a2ca26d9ae:/workspace/RAFT# python demo.py --model=models/raft-things.pth --path=demo-frames
Traceback (most recent call last):
  File "/workspace/RAFT/demo.py", line 75, in <module>
    demo(args)
  File "/workspace/RAFT/demo.py", line 44, in demo
    model.load_state_dict(torch.load(args.model))
                          ^^^^^^^^^^^^^^^^^^^^^^
  File "/usr/local/lib/python3.11/dist-packages/torch/serialization.py", line 1516, in load
    return _load(
           ^^^^^^
  File "/usr/local/lib/python3.11/dist-packages/torch/serialization.py", line 2114, in _load
    result = unpickler.load()
             ^^^^^^^^^^^^^^^^
  File "/usr/local/lib/python3.11/dist-packages/torch/_weights_only_unpickler.py", line 532, in load
    self.append(self.persistent_load(pid))
                ^^^^^^^^^^^^^^^^^^^^^^^^^
  File "/usr/local/lib/python3.11/dist-packages/torch/serialization.py", line 2078, in persistent_load
    typed_storage = load_tensor(
                    ^^^^^^^^^^^^
  File "/usr/local/lib/python3.11/dist-packages/torch/serialization.py", line 2044, in load_tensor
    wrap_storage = restore_location(storage, location)
                   ^^^^^^^^^^^^^^^^^^^^^^^^^^^^^^^^^^^
  File "/usr/local/lib/python3.11/dist-packages/torch/serialization.py", line 698, in default_restore_location
    result = fn(storage, location)
             ^^^^^^^^^^^^^^^^^^^^^
  File "/usr/local/lib/python3.11/dist-packages/torch/serialization.py", line 636, in _deserialize
    device = _validate_device(location, backend_name)
             ^^^^^^^^^^^^^^^^^^^^^^^^^^^^^^^^^^^^^^^^
  File "/usr/local/lib/python3.11/dist-packages/torch/serialization.py", line 605, in _validate_device
    raise RuntimeError(
RuntimeError: Attempting to deserialize object on a CUDA device but torch.cuda.is_available() is False. If you are running on a CPU-only machine, please use torch.load with map_location=torch.device('cpu') to map your storages to the CPU.
root@62a2ca26d9ae:/workspace/RAFT#